<testsuites id="" name="" tests="4" failures="0" skipped="0" errors="0" time="1.843388">
<testsuite name="Example_API_tests.spec.js" timestamp="2024-05-28T05:00:15.034Z" hostname="chromium" tests="4" failures="0" skipped="0" time="1.623" errors="0">
<testcase name="Get users" classname="Example_API_tests.spec.js" time="0.283">
<system-out>
<![CDATA[{
  page: 2,
  per_page: 6,
  total: 12,
  total_pages: 2,
  data: [
    {
      id: 7,
      email: 'michael.lawson@reqres.in',
      first_name: 'Michael',
      last_name: 'Lawson',
      avatar: 'https://reqres.in/img/faces/7-image.jpg'
    },
    {
      id: 8,
      email: 'lindsay.ferguson@reqres.in',
      first_name: 'Lindsay',
      last_name: 'Ferguson',
      avatar: 'https://reqres.in/img/faces/8-image.jpg'
    },
    {
      id: 9,
      email: 'tobias.funke@reqres.in',
      first_name: 'Tobias',
      last_name: 'Funke',
      avatar: 'https://reqres.in/img/faces/9-image.jpg'
    },
    {
      id: 10,
      email: 'byron.fields@reqres.in',
      first_name: 'Byron',
      last_name: 'Fields',
      avatar: 'https://reqres.in/img/faces/10-image.jpg'
    },
    {
      id: 11,
      email: 'george.edwards@reqres.in',
      first_name: 'George',
      last_name: 'Edwards',
      avatar: 'https://reqres.in/img/faces/11-image.jpg'
    },
    {
      id: 12,
      email: 'rachel.howell@reqres.in',
      first_name: 'Rachel',
      last_name: 'Howell',
      avatar: 'https://reqres.in/img/faces/12-image.jpg'
    }
  ],
  support: {
    url: 'https://reqres.in/#support-heading',
    text: 'To keep ReqRes free, contributions towards server costs are appreciated!'
  }
}
]]>
</system-out>
</testcase>
<testcase name="Create users -post" classname="Example_API_tests.spec.js" time="0.393">
<system-out>
<![CDATA[{
  name: 'John',
  job: 'tailer',
  id: '141',
  createdAt: '2024-05-28T05:00:17.617Z'
}
the id value is : 141
the Created at : 2024-05-28T05:00:17.617Z
]]>
</system-out>
</testcase>
<testcase name="Update users -put" classname="Example_API_tests.spec.js" time="0.445">
<system-out>
<![CDATA[{
  name: 'John Rani',
  job: 'Engineer',
  updatedAt: '2024-05-28T05:00:18.038Z'
}
the id value is : undefined
]]>
</system-out>
</testcase>
<testcase name="Delete users" classname="Example_API_tests.spec.js" time="0.502">
</testcase>
</testsuite>
</testsuites>